// Jest Snapshot v1, https://goo.gl/fbAQLP

exports[`Steps render renders correctly 1`] = `
<ol
  class="rc-steps rc-steps-horizontal rc-steps-title-horizontal"
>
  <li
    class="rc-steps-item rc-steps-item-process rc-steps-item-active"
  >
    <div
      class="rc-steps-item-wrapper"
    >
      <div
        class="rc-steps-item-icon"
      />
      <div
        class="rc-steps-item-section"
      >
        <div
          class="rc-steps-item-header"
        >
          <div
            class="rc-steps-item-title"
          >
            已完成
          </div>
          <div
            class="rc-steps-item-rail rc-steps-item-rail-wait"
          />
        </div>
      </div>
    </div>
  </li>
  <li
    class="rc-steps-item rc-steps-item-wait"
  >
    <div
      class="rc-steps-item-wrapper"
    >
      <div
        class="rc-steps-item-icon"
      />
      <div
        class="rc-steps-item-section"
      >
        <div
          class="rc-steps-item-header"
        >
          <div
            class="rc-steps-item-title"
          >
            进行中
          </div>
          <div
            class="rc-steps-item-rail rc-steps-item-rail-wait"
          />
        </div>
      </div>
    </div>
  </li>
  <li
    class="rc-steps-item rc-steps-item-wait"
  >
    <div
      class="rc-steps-item-wrapper"
    >
      <div
        class="rc-steps-item-icon"
      />
      <div
        class="rc-steps-item-section"
      >
        <div
          class="rc-steps-item-header"
        >
          <div
            class="rc-steps-item-title"
          >
            待运行
          </div>
          <div
            class="rc-steps-item-rail rc-steps-item-rail-wait"
          />
        </div>
      </div>
    </div>
  </li>
  <li
    class="rc-steps-item rc-steps-item-wait"
  >
    <div
      class="rc-steps-item-wrapper"
    >
      <div
        class="rc-steps-item-icon"
      />
      <div
        class="rc-steps-item-section"
      >
        <div
          class="rc-steps-item-header"
        >
          <div
            class="rc-steps-item-title"
          >
            待运行
          </div>
        </div>
      </div>
    </div>
  </li>
</ol>
`;

exports[`Steps render renders current correctly 1`] = `
<ol
  class="rc-steps rc-steps-horizontal rc-steps-title-horizontal"
>
  <li
    class="rc-steps-item rc-steps-item-finish"
  >
    <div
      class="rc-steps-item-wrapper"
    >
      <div
        class="rc-steps-item-icon"
      />
      <div
        class="rc-steps-item-section"
      >
        <div
          class="rc-steps-item-header"
        >
          <div
            class="rc-steps-item-title"
          >
            已完成
          </div>
          <div
            class="rc-steps-item-rail rc-steps-item-rail-finish"
          />
        </div>
      </div>
    </div>
  </li>
  <li
    class="rc-steps-item rc-steps-item-finish"
  >
    <div
      class="rc-steps-item-wrapper"
    >
      <div
        class="rc-steps-item-icon"
      />
      <div
        class="rc-steps-item-section"
      >
        <div
          class="rc-steps-item-header"
        >
          <div
            class="rc-steps-item-title"
          >
            进行中
          </div>
          <div
            class="rc-steps-item-rail rc-steps-item-rail-process"
          />
        </div>
      </div>
    </div>
  </li>
  <li
    class="rc-steps-item rc-steps-item-process rc-steps-item-active"
  >
    <div
      class="rc-steps-item-wrapper"
    >
      <div
        class="rc-steps-item-icon"
      />
      <div
        class="rc-steps-item-section"
      >
        <div
          class="rc-steps-item-header"
        >
          <div
            class="rc-steps-item-title"
          >
            待运行
          </div>
          <div
            class="rc-steps-item-rail rc-steps-item-rail-wait"
          />
        </div>
      </div>
    </div>
  </li>
  <li
    class="rc-steps-item rc-steps-item-wait"
  >
    <div
      class="rc-steps-item-wrapper"
    >
      <div
        class="rc-steps-item-icon"
      />
      <div
        class="rc-steps-item-section"
      >
        <div
          class="rc-steps-item-header"
        >
          <div
            class="rc-steps-item-title"
          >
            待运行
          </div>
        </div>
      </div>
    </div>
  </li>
</ol>
`;

exports[`Steps render renders progressDot correctly 1`] = `
<ol
  class="rc-steps rc-steps-horizontal rc-steps-title-horizontal"
>
  <li
    class="rc-steps-item rc-steps-item-process rc-steps-item-active"
  >
    <div
      class="rc-steps-item-wrapper"
    >
      <div
        class="rc-steps-item-icon"
      />
      <div
        class="rc-steps-item-section"
      >
        <div
          class="rc-steps-item-header"
        >
          <div
            class="rc-steps-item-title"
          >
            已完成
          </div>
          <div
            class="rc-steps-item-rail rc-steps-item-rail-wait"
          />
        </div>
      </div>
    </div>
  </li>
  <li
    class="rc-steps-item rc-steps-item-wait"
  >
    <div
      class="rc-steps-item-wrapper"
    >
      <div
        class="rc-steps-item-icon"
      />
      <div
        class="rc-steps-item-section"
      >
        <div
          class="rc-steps-item-header"
        >
          <div
            class="rc-steps-item-title"
          >
            进行中
          </div>
          <div
            class="rc-steps-item-rail rc-steps-item-rail-wait"
          />
        </div>
      </div>
    </div>
  </li>
  <li
    class="rc-steps-item rc-steps-item-wait"
  >
    <div
      class="rc-steps-item-wrapper"
    >
      <div
        class="rc-steps-item-icon"
      />
      <div
        class="rc-steps-item-section"
      >
        <div
          class="rc-steps-item-header"
        >
          <div
            class="rc-steps-item-title"
          >
            待运行
          </div>
          <div
            class="rc-steps-item-rail rc-steps-item-rail-wait"
          />
        </div>
      </div>
    </div>
  </li>
  <li
    class="rc-steps-item rc-steps-item-wait"
  >
    <div
      class="rc-steps-item-wrapper"
    >
      <div
        class="rc-steps-item-icon"
      />
      <div
        class="rc-steps-item-section"
      >
        <div
          class="rc-steps-item-header"
        >
          <div
            class="rc-steps-item-title"
          >
            待运行
          </div>
        </div>
      </div>
    </div>
  </li>
</ol>
`;

exports[`Steps render renders progressDot function correctly 1`] = `
<ol
  class="rc-steps rc-steps-horizontal rc-steps-title-horizontal"
>
  <li
    class="rc-steps-item rc-steps-item-process rc-steps-item-active"
  >
    <div
      class="rc-steps-item-wrapper"
    >
      <div
        class="rc-steps-item-icon"
      />
      <div
        class="rc-steps-item-section"
      >
        <div
          class="rc-steps-item-header"
        >
          <div
            class="rc-steps-item-title"
          >
            已完成
          </div>
          <div
            class="rc-steps-item-rail rc-steps-item-rail-wait"
          />
        </div>
      </div>
    </div>
  </li>
  <li
    class="rc-steps-item rc-steps-item-wait"
  >
    <div
      class="rc-steps-item-wrapper"
    >
      <div
        class="rc-steps-item-icon"
      />
      <div
        class="rc-steps-item-section"
      >
        <div
          class="rc-steps-item-header"
        >
          <div
            class="rc-steps-item-title"
          >
            进行中
          </div>
          <div
            class="rc-steps-item-rail rc-steps-item-rail-wait"
          />
        </div>
      </div>
    </div>
  </li>
  <li
    class="rc-steps-item rc-steps-item-wait"
  >
    <div
      class="rc-steps-item-wrapper"
    >
      <div
        class="rc-steps-item-icon"
      />
      <div
        class="rc-steps-item-section"
      >
        <div
          class="rc-steps-item-header"
        >
          <div
            class="rc-steps-item-title"
          >
            待运行
          </div>
          <div
            class="rc-steps-item-rail rc-steps-item-rail-wait"
          />
        </div>
      </div>
    </div>
  </li>
  <li
    class="rc-steps-item rc-steps-item-wait"
  >
    <div
      class="rc-steps-item-wrapper"
    >
      <div
        class="rc-steps-item-icon"
      />
      <div
        class="rc-steps-item-section"
      >
        <div
          class="rc-steps-item-header"
        >
          <div
            class="rc-steps-item-title"
          >
            待运行
          </div>
        </div>
      </div>
    </div>
  </li>
</ol>
`;

exports[`Steps render renders status correctly 1`] = `
<ol
  class="rc-steps rc-steps-horizontal rc-steps-title-horizontal"
>
  <li
    class="rc-steps-item rc-steps-item-finish"
  >
    <div
      class="rc-steps-item-wrapper"
    >
      <div
        class="rc-steps-item-icon"
      />
      <div
        class="rc-steps-item-section"
      >
        <div
          class="rc-steps-item-header"
        >
          <div
            class="rc-steps-item-title"
          >
            已完成
          </div>
          <div
            class="rc-steps-item-rail rc-steps-item-rail-finish"
          />
        </div>
      </div>
    </div>
  </li>
  <li
    class="rc-steps-item rc-steps-item-finish"
  >
    <div
      class="rc-steps-item-wrapper"
    >
      <div
        class="rc-steps-item-icon"
      />
      <div
        class="rc-steps-item-section"
      >
        <div
          class="rc-steps-item-header"
        >
          <div
            class="rc-steps-item-title"
          >
            进行中
          </div>
          <div
            class="rc-steps-item-rail rc-steps-item-rail-error"
          />
        </div>
      </div>
    </div>
  </li>
  <li
    class="rc-steps-item rc-steps-item-error rc-steps-item-active"
  >
    <div
      class="rc-steps-item-wrapper"
    >
      <div
        class="rc-steps-item-icon"
      />
      <div
        class="rc-steps-item-section"
      >
        <div
          class="rc-steps-item-header"
        >
          <div
            class="rc-steps-item-title"
          >
            待运行
          </div>
          <div
            class="rc-steps-item-rail rc-steps-item-rail-wait"
          />
        </div>
      </div>
    </div>
  </li>
  <li
    class="rc-steps-item rc-steps-item-wait"
  >
    <div
      class="rc-steps-item-wrapper"
    >
      <div
        class="rc-steps-item-icon"
      />
      <div
        class="rc-steps-item-section"
      >
        <div
          class="rc-steps-item-header"
        >
          <div
            class="rc-steps-item-title"
          >
            待运行
          </div>
        </div>
      </div>
    </div>
  </li>
</ol>
`;

exports[`Steps render renders step with description 1`] = `
<ol
  class="rc-steps rc-steps-horizontal rc-steps-title-horizontal"
>
  <li
    class="rc-steps-item rc-steps-item-process rc-steps-item-active"
  >
    <div
      class="rc-steps-item-wrapper"
    >
      <div
        class="rc-steps-item-icon"
      />
      <div
        class="rc-steps-item-section"
      >
        <div
          class="rc-steps-item-header"
        >
          <div
            class="rc-steps-item-title"
          >
            已完成
          </div>
          <div
            class="rc-steps-item-rail rc-steps-item-rail-wait"
          />
        </div>
        <div
          class="rc-steps-item-content"
        >
          xx
        </div>
      </div>
    </div>
  </li>
  <li
    class="rc-steps-item rc-steps-item-wait"
  >
    <div
      class="rc-steps-item-wrapper"
    >
      <div
        class="rc-steps-item-icon"
      />
      <div
        class="rc-steps-item-section"
      >
        <div
          class="rc-steps-item-header"
        >
          <div
            class="rc-steps-item-title"
          >
            进行中
          </div>
          <div
            class="rc-steps-item-rail rc-steps-item-rail-wait"
          />
        </div>
        <div
          class="rc-steps-item-content"
        >
          xx
        </div>
      </div>
    </div>
  </li>
  <li
    class="rc-steps-item rc-steps-item-wait"
  >
    <div
      class="rc-steps-item-wrapper"
    >
      <div
        class="rc-steps-item-icon"
      />
      <div
        class="rc-steps-item-section"
      >
        <div
          class="rc-steps-item-header"
        >
          <div
            class="rc-steps-item-title"
          >
            待运行
          </div>
          <div
            class="rc-steps-item-rail rc-steps-item-rail-wait"
          />
        </div>
        <div
          class="rc-steps-item-content"
        >
          xx
        </div>
      </div>
    </div>
  </li>
  <li
    class="rc-steps-item rc-steps-item-wait"
  >
    <div
      class="rc-steps-item-wrapper"
    >
      <div
        class="rc-steps-item-icon"
      />
      <div
        class="rc-steps-item-section"
      >
        <div
          class="rc-steps-item-header"
        >
          <div
            class="rc-steps-item-title"
          >
            待运行
          </div>
        </div>
        <div
          class="rc-steps-item-content"
        >
          xx
        </div>
      </div>
    </div>
  </li>
</ol>
`;

exports[`Steps render renders step with description and status 1`] = `
<ol
  class="rc-steps rc-steps-horizontal rc-steps-title-horizontal"
>
  <li
    class="rc-steps-item rc-steps-item-wait rc-steps-item-active"
  >
    <div
      class="rc-steps-item-wrapper"
    >
      <div
        class="rc-steps-item-icon"
      />
      <div
        class="rc-steps-item-section"
      >
        <div
          class="rc-steps-item-header"
        >
          <div
            class="rc-steps-item-title"
          >
            已完成
          </div>
          <div
            class="rc-steps-item-rail rc-steps-item-rail-wait"
          />
        </div>
        <div
          class="rc-steps-item-content"
        >
          xx
        </div>
      </div>
    </div>
  </li>
  <li
    class="rc-steps-item rc-steps-item-wait"
  >
    <div
      class="rc-steps-item-wrapper"
    >
      <div
        class="rc-steps-item-icon"
      />
      <div
        class="rc-steps-item-section"
      >
        <div
          class="rc-steps-item-header"
        >
          <div
            class="rc-steps-item-title"
          >
            进行中
          </div>
          <div
            class="rc-steps-item-rail rc-steps-item-rail-process"
          />
        </div>
        <div
          class="rc-steps-item-content"
        >
          xx
        </div>
      </div>
    </div>
  </li>
  <li
    class="rc-steps-item rc-steps-item-process"
  >
    <div
      class="rc-steps-item-wrapper"
    >
      <div
        class="rc-steps-item-icon"
      />
      <div
        class="rc-steps-item-section"
      >
        <div
          class="rc-steps-item-header"
        >
          <div
            class="rc-steps-item-title"
          >
            待运行
          </div>
          <div
            class="rc-steps-item-rail rc-steps-item-rail-finish"
          />
        </div>
        <div
          class="rc-steps-item-content"
        >
          xx
        </div>
      </div>
    </div>
  </li>
  <li
    class="rc-steps-item rc-steps-item-finish"
  >
    <div
      class="rc-steps-item-wrapper"
    >
      <div
        class="rc-steps-item-icon"
      />
      <div
        class="rc-steps-item-section"
      >
        <div
          class="rc-steps-item-header"
        >
          <div
            class="rc-steps-item-title"
          >
            待运行
          </div>
        </div>
        <div
          class="rc-steps-item-content"
        >
          xx
        </div>
      </div>
    </div>
  </li>
</ol>
`;

exports[`Steps render renders stepIcon function correctly 1`] = `
<ol
  class="rc-steps rc-steps-horizontal rc-steps-title-horizontal"
>
  <li
    class="rc-steps-item rc-steps-item-process rc-steps-item-active"
  >
    <div
      class="rc-steps-item-wrapper"
    >
      <div
        class="rc-steps-item-icon"
      />
      <div
        class="rc-steps-item-section"
      >
        <div
          class="rc-steps-item-header"
        >
          <div
            class="rc-steps-item-title"
          >
            已完成
          </div>
          <div
            class="rc-steps-item-rail rc-steps-item-rail-wait"
          />
        </div>
      </div>
    </div>
  </li>
  <li
    class="rc-steps-item rc-steps-item-wait"
  >
    <div
      class="rc-steps-item-wrapper"
    >
      <div
        class="rc-steps-item-icon"
      />
      <div
        class="rc-steps-item-section"
      >
        <div
          class="rc-steps-item-header"
        >
          <div
            class="rc-steps-item-title"
          >
            进行中
          </div>
          <div
            class="rc-steps-item-rail rc-steps-item-rail-wait"
          />
        </div>
      </div>
    </div>
  </li>
  <li
    class="rc-steps-item rc-steps-item-wait"
  >
    <div
      class="rc-steps-item-wrapper"
    >
      <div
        class="rc-steps-item-icon"
      />
      <div
        class="rc-steps-item-section"
      >
        <div
          class="rc-steps-item-header"
        >
          <div
            class="rc-steps-item-title"
          >
            待运行
          </div>
          <div
            class="rc-steps-item-rail rc-steps-item-rail-wait"
          />
        </div>
      </div>
    </div>
  </li>
  <li
    class="rc-steps-item rc-steps-item-wait"
  >
    <div
      class="rc-steps-item-wrapper"
    >
      <div
        class="rc-steps-item-icon"
      />
      <div
        class="rc-steps-item-section"
      >
        <div
          class="rc-steps-item-header"
        >
          <div
            class="rc-steps-item-title"
          >
            待运行
          </div>
        </div>
      </div>
    </div>
  </li>
</ol>
`;

exports[`Steps render renders titlePlacement correctly 1`] = `
<ol
  class="rc-steps rc-steps-horizontal rc-steps-title-vertical"
>
  <li
    class="rc-steps-item rc-steps-item-process rc-steps-item-active"
  >
    <div
      class="rc-steps-item-wrapper"
    >
      <div
        class="rc-steps-item-icon"
      />
      <div
        class="rc-steps-item-section"
      >
        <div
          class="rc-steps-item-header"
        >
          <div
            class="rc-steps-item-title"
          >
            已完成
          </div>
          <div
            class="rc-steps-item-rail rc-steps-item-rail-wait"
          />
        </div>
      </div>
    </div>
  </li>
  <li
    class="rc-steps-item rc-steps-item-wait"
  >
    <div
      class="rc-steps-item-wrapper"
    >
      <div
        class="rc-steps-item-icon"
      />
      <div
        class="rc-steps-item-section"
      >
        <div
          class="rc-steps-item-header"
        >
          <div
            class="rc-steps-item-title"
          >
            进行中
          </div>
          <div
            class="rc-steps-item-rail rc-steps-item-rail-wait"
          />
        </div>
      </div>
    </div>
  </li>
  <li
    class="rc-steps-item rc-steps-item-wait"
  >
    <div
      class="rc-steps-item-wrapper"
    >
      <div
        class="rc-steps-item-icon"
      />
      <div
        class="rc-steps-item-section"
      >
        <div
          class="rc-steps-item-header"
        >
          <div
            class="rc-steps-item-title"
          >
            待运行
          </div>
          <div
            class="rc-steps-item-rail rc-steps-item-rail-wait"
          />
        </div>
      </div>
    </div>
  </li>
  <li
    class="rc-steps-item rc-steps-item-wait"
  >
    <div
      class="rc-steps-item-wrapper"
    >
      <div
        class="rc-steps-item-icon"
      />
      <div
        class="rc-steps-item-section"
      >
        <div
          class="rc-steps-item-header"
        >
          <div
            class="rc-steps-item-title"
          >
            待运行
          </div>
        </div>
      </div>
    </div>
  </li>
</ol>
`;

exports[`Steps render renders vertical correctly 1`] = `
<ol
  class="rc-steps rc-steps-horizontal rc-steps-title-horizontal"
  direction="vertical"
>
  <li
    class="rc-steps-item rc-steps-item-process rc-steps-item-active"
  >
    <div
      class="rc-steps-item-wrapper"
    >
      <div
        class="rc-steps-item-icon"
      />
      <div
        class="rc-steps-item-section"
      >
        <div
          class="rc-steps-item-header"
        >
          <div
            class="rc-steps-item-title"
          >
            已完成
          </div>
          <div
            class="rc-steps-item-rail rc-steps-item-rail-wait"
          />
        </div>
      </div>
    </div>
  </li>
  <li
    class="rc-steps-item rc-steps-item-wait"
  >
    <div
      class="rc-steps-item-wrapper"
    >
      <div
        class="rc-steps-item-icon"
      />
      <div
        class="rc-steps-item-section"
      >
        <div
          class="rc-steps-item-header"
        >
          <div
            class="rc-steps-item-title"
          >
            进行中
          </div>
          <div
            class="rc-steps-item-rail rc-steps-item-rail-wait"
          />
        </div>
      </div>
    </div>
  </li>
  <li
    class="rc-steps-item rc-steps-item-wait"
  >
    <div
      class="rc-steps-item-wrapper"
    >
      <div
        class="rc-steps-item-icon"
      />
      <div
        class="rc-steps-item-section"
      >
        <div
          class="rc-steps-item-header"
        >
          <div
            class="rc-steps-item-title"
          >
            待运行
          </div>
          <div
            class="rc-steps-item-rail rc-steps-item-rail-wait"
          />
        </div>
      </div>
    </div>
  </li>
  <li
    class="rc-steps-item rc-steps-item-wait"
  >
    <div
      class="rc-steps-item-wrapper"
    >
      <div
        class="rc-steps-item-icon"
      />
      <div
        class="rc-steps-item-section"
      >
        <div
          class="rc-steps-item-header"
        >
          <div
            class="rc-steps-item-title"
          >
            待运行
          </div>
        </div>
      </div>
    </div>
  </li>
</ol>
`;

exports[`Steps render renders with falsy children 1`] = `
<ol
  class="rc-steps rc-steps-horizontal rc-steps-title-horizontal"
>
  <li
    class="rc-steps-item rc-steps-item-wait rc-steps-item-active"
  >
    <div
      class="rc-steps-item-wrapper"
    >
      <div
        class="rc-steps-item-icon"
      />
      <div
        class="rc-steps-item-section"
      >
        <div
          class="rc-steps-item-header"
        >
          <div
            class="rc-steps-item-title"
          >
            已完成
          </div>
          <div
            class="rc-steps-item-rail rc-steps-item-rail-wait"
          />
        </div>
        <div
          class="rc-steps-item-content"
        >
          xx
        </div>
      </div>
    </div>
  </li>
  <li
    class="rc-steps-item rc-steps-item-wait"
  >
    <div
      class="rc-steps-item-wrapper"
    >
      <div
        class="rc-steps-item-icon"
      />
      <div
        class="rc-steps-item-section"
      >
        <div
          class="rc-steps-item-header"
        >
          <div
            class="rc-steps-item-title"
          >
            进行中
          </div>
          <div
            class="rc-steps-item-subtitle"
            title="剩余 00:00:07"
          >
            剩余 00:00:07
          </div>
          <div
            class="rc-steps-item-rail rc-steps-item-rail-process"
          />
        </div>
        <div
          class="rc-steps-item-content"
        >
          xx
        </div>
      </div>
    </div>
  </li>
  <li
    class="rc-steps-item rc-steps-item-process"
  >
    <div
      class="rc-steps-item-wrapper"
    >
      <div
        class="rc-steps-item-icon"
      />
      <div
        class="rc-steps-item-section"
      >
        <div
          class="rc-steps-item-header"
        >
          <div
            class="rc-steps-item-title"
          >
            待运行
          </div>
          <div
            class="rc-steps-item-rail rc-steps-item-rail-finish"
          />
        </div>
        <div
          class="rc-steps-item-content"
        >
          xx
        </div>
      </div>
    </div>
  </li>
  <li
    class="rc-steps-item rc-steps-item-finish rc-steps-item-disabled"
  >
    <div
      class="rc-steps-item-wrapper"
    >
      <div
        class="rc-steps-item-icon"
      />
      <div
        class="rc-steps-item-section"
      >
        <div
          class="rc-steps-item-header"
        >
          <div
            class="rc-steps-item-title"
          >
            待运行
          </div>
        </div>
        <div
          class="rc-steps-item-content"
        >
          xx
        </div>
      </div>
    </div>
  </li>
</ol>
`;

exports[`Steps should render customIcon correctly 1`] = `
<ol
  class="rc-steps rc-steps-horizontal rc-steps-title-horizontal"
>
  <li
    class="rc-steps-item rc-steps-item-finish rc-steps-item-custom"
  >
    <div
      class="rc-steps-item-wrapper"
    >
      <div
        class="rc-steps-item-icon"
      />
      <div
        class="rc-steps-item-section"
      >
        <div
          class="rc-steps-item-header"
        >
          <div
            class="rc-steps-item-title"
          >
            步骤1
          </div>
          <div
            class="rc-steps-item-rail rc-steps-item-rail-process"
          />
        </div>
      </div>
    </div>
  </li>
  <li
    class="rc-steps-item rc-steps-item-process rc-steps-item-custom rc-steps-item-active"
  >
    <div
      class="rc-steps-item-wrapper"
    >
      <div
        class="rc-steps-item-icon"
      />
      <div
        class="rc-steps-item-section"
      >
        <div
          class="rc-steps-item-header"
        >
          <div
            class="rc-steps-item-title"
          >
            步骤2
          </div>
          <div
            class="rc-steps-item-rail rc-steps-item-rail-wait"
          />
        </div>
      </div>
    </div>
  </li>
  <li
    class="rc-steps-item rc-steps-item-wait rc-steps-item-custom"
  >
    <div
      class="rc-steps-item-wrapper"
    >
      <div
        class="rc-steps-item-icon"
      />
      <div
        class="rc-steps-item-section"
      >
        <div
          class="rc-steps-item-header"
        >
          <div
            class="rc-steps-item-title"
          >
            步骤3
          </div>
        </div>
      </div>
    </div>
  </li>
</ol>
`;
